STM32_F103C6_USART_Driver.c:30:6:MCAL_UART_Init	24	static
STM32_F103C6_USART_Driver.c:120:6:MCAL_UART_DeInit	16	static
STM32_F103C6_USART_Driver.c:152:6:MCAL_UART_SendData	24	static
STM32_F103C6_USART_Driver.c:178:6:MCAL_UART_WAIT_TC	16	static
STM32_F103C6_USART_Driver.c:184:6:MCAL_UART_ReceiveData	24	static
STM32_F103C6_USART_Driver.c:233:6:MCAL_UART_GPIO_Set_Pins	24	static
STM32_F103C6_USART_Driver.c:357:6:USART1_IRQHandler	8	static
STM32_F103C6_USART_Driver.c:362:6:USART2_IRQHandler	8	static
STM32_F103C6_USART_Driver.c:367:6:USART3_IRQHandler	8	static
