
Memory Configuration

Name             Origin             Length             Attributes
flash            0x08000000         0x00020000         xr
sram             0x20000000         0x00005000         rw
*default*        0x00000000         0xffffffff

Linker script and memory map


.text           0x08000000      0x143
 *(.vectors*)
 .vectors       0x08000000       0x1c startup.o
                0x08000000                vectors
 *(.text*)
 .text          0x0800001c       0x94 main.o
                0x0800001c                NMI_Handler
                0x08000028                Bus_Fault
                0x08000034                main
 .text          0x080000b0       0x90 startup.o
                0x080000b0                Usage_Fault_Handler
                0x080000b0                Default_Handler
                0x080000b0                H_fault_Handler
                0x080000b0                MM_Fault_Handler
                0x080000bc                Reset_Handler
 *(.rodata)
 .rodata        0x08000140        0x3 main.o
                0x08000140                const_variables
                0x08000143                _E_text = .

.glue_7         0x08000144        0x0
 .glue_7        0x08000144        0x0 linker stubs

.glue_7t        0x08000144        0x0
 .glue_7t       0x08000144        0x0 linker stubs

.vfp11_veneer   0x08000144        0x0
 .vfp11_veneer  0x08000144        0x0 linker stubs

.v4_bx          0x08000144        0x0
 .v4_bx         0x08000144        0x0 linker stubs

.iplt           0x08000144        0x0
 .iplt          0x08000144        0x0 main.o

.rel.dyn        0x08000144        0x0
 .rel.iplt      0x08000144        0x0 main.o

.data           0x20000000        0x8 load address 0x08000143
                0x20000000                _S_DATA = .
 *(.data)
 .data          0x20000000        0x7 main.o
                0x20000000                R_ODR
                0x20000004                g_variables
 .data          0x20000007        0x0 startup.o
                0x20000008                . = ALIGN (0x4)
 *fill*         0x20000007        0x1 
                0x20000008                _E_DATA = .

.igot.plt       0x20000008        0x0 load address 0x0800014b
 .igot.plt      0x20000008        0x0 main.o

.bss            0x20000008     0x1004 load address 0x0800014b
                0x20000008                _S_bss = .
 *(.bss*)
 .bss           0x20000008        0x3 main.o
                0x20000008                bss_var
 .bss           0x2000000b        0x0 startup.o
 *(COMMON)
                0x2000000b                _E_bss = .
                0x2000000c                . = ALIGN (0x4)
 *fill*         0x2000000b        0x1 
                0x2000100c                . = (. + 0x1000)
 *fill*         0x2000000c     0x1000 
                0x2000100c                _stack_top = .
LOAD main.o
LOAD startup.o
OUTPUT(learn_in_depth_cortex_m3.elf elf32-littlearm)
LOAD linker stubs

.debug_info     0x00000000      0x333
 .debug_info    0x00000000      0x1d0 main.o
 .debug_info    0x000001d0      0x163 startup.o

.debug_abbrev   0x00000000      0x1e3
 .debug_abbrev  0x00000000      0x111 main.o
 .debug_abbrev  0x00000111       0xd2 startup.o

.debug_loc      0x00000000      0x13c
 .debug_loc     0x00000000       0xc0 main.o
 .debug_loc     0x000000c0       0x7c startup.o

.debug_aranges  0x00000000       0x40
 .debug_aranges
                0x00000000       0x20 main.o
 .debug_aranges
                0x00000020       0x20 startup.o

.debug_line     0x00000000      0x15d
 .debug_line    0x00000000       0x90 main.o
 .debug_line    0x00000090       0xcd startup.o

.debug_str      0x00000000      0x1e0
 .debug_str     0x00000000      0x160 main.o
                                0x18a (size before relaxing)
 .debug_str     0x00000160       0x80 startup.o
                                0x181 (size before relaxing)

.comment        0x00000000       0x49
 .comment       0x00000000       0x49 main.o
                                 0x4a (size before relaxing)
 .comment       0x00000049       0x4a startup.o

.ARM.attributes
                0x00000000       0x2d
 .ARM.attributes
                0x00000000       0x2d main.o
 .ARM.attributes
                0x0000002d       0x2d startup.o

.debug_frame    0x00000000       0xbc
 .debug_frame   0x00000000       0x6c main.o
 .debug_frame   0x0000006c       0x50 startup.o
