
Memory Configuration

Name             Origin             Length             Attributes
flash            0x00000000         0x20000000         xr
sram             0x20000000         0x20000000         rw
*default*        0x00000000         0xffffffff

Linker script and memory map


.text           0x00000000      0x2a8
 *(.vectors*)
 .vectors       0x00000000       0x10 startup.o
                0x00000000                g_p_fn_Vectors
 *(.text*)
 .text          0x00000010       0x1c AlarmActuator.o
                0x00000010                Start_Alarm
                0x0000001e                Stop_Alarm
 .text          0x0000002c       0x60 AlarmMonitor.o
                0x0000002c                High_Pressure_Detected
                0x00000048                Turn_On_Alarm
                0x00000070                Turn_Off_Alarm
 .text          0x0000008c       0xc4 driver.o
                0x0000008c                Delay
                0x000000ae                Get_Pressure_Val
                0x000000c4                Set_Alarm_Actuator
                0x00000100                GPIO_INITIALIZATION
 .text          0x00000150       0x44 main.o
                0x00000150                main
 .text          0x00000194       0x4c MainAlgorithm.o
                0x00000194                Set_Pressure_Val
                0x000001b0                Normal_Pressure_State
 .text          0x000001e0       0x38 Pressure_Sensor.o
                0x000001e0                PS_init
                0x000001f0                Reading_State
 .text          0x00000218       0x90 startup.o
                0x00000218                H_fault_Handler
                0x00000218                Default_Handler
                0x00000218                NMI_Handler
                0x00000224                Reset_Handler
 *(.rodata)
                0x000002a8                _E_text = .

.glue_7         0x000002a8        0x0
 .glue_7        0x000002a8        0x0 linker stubs

.glue_7t        0x000002a8        0x0
 .glue_7t       0x000002a8        0x0 linker stubs

.vfp11_veneer   0x000002a8        0x0
 .vfp11_veneer  0x000002a8        0x0 linker stubs

.v4_bx          0x000002a8        0x0
 .v4_bx         0x000002a8        0x0 linker stubs

.iplt           0x000002a8        0x0
 .iplt          0x000002a8        0x0 AlarmActuator.o

.rel.dyn        0x000002a8        0x0
 .rel.iplt      0x000002a8        0x0 AlarmActuator.o

.data           0x20000000        0x0 load address 0x000002a8
                0x20000000                _S_DATA = .
 *(.data)
 .data          0x20000000        0x0 AlarmActuator.o
 .data          0x20000000        0x0 AlarmMonitor.o
 .data          0x20000000        0x0 driver.o
 .data          0x20000000        0x0 main.o
 .data          0x20000000        0x0 MainAlgorithm.o
 .data          0x20000000        0x0 Pressure_Sensor.o
 .data          0x20000000        0x0 startup.o
                0x20000000                . = ALIGN (0x4)
                0x20000000                _E_DATA = .

.igot.plt       0x20000000        0x0 load address 0x000002a8
 .igot.plt      0x20000000        0x0 AlarmActuator.o

.bss            0x20000000      0x410 load address 0x000002a8
                0x20000000                _S_bss = .
 *(.bss*)
 .bss           0x20000000        0x0 AlarmActuator.o
 .bss           0x20000000        0x4 AlarmMonitor.o
                0x20000000                AM_ptr
 .bss           0x20000004        0x0 driver.o
 .bss           0x20000004        0x4 main.o
                0x20000004                pressure_Val
 .bss           0x20000008        0x4 MainAlgorithm.o
                0x20000008                MA_ptr
 .bss           0x2000000c        0x4 Pressure_Sensor.o
                0x2000000c                PS_ptr
 .bss           0x20000010      0x400 startup.o
 *(COMMON)
                0x20000410                _E_bss = .
LOAD AlarmActuator.o
LOAD AlarmMonitor.o
LOAD driver.o
LOAD main.o
LOAD MainAlgorithm.o
LOAD Pressure_Sensor.o
LOAD startup.o
OUTPUT(pressure_detection_system.elf elf32-littlearm)
LOAD linker stubs

.debug_info     0x00000000      0x671
 .debug_info    0x00000000       0xa6 AlarmActuator.o
 .debug_info    0x000000a6       0xe5 AlarmMonitor.o
 .debug_info    0x0000018b      0x112 driver.o
 .debug_info    0x0000029d       0xde main.o
 .debug_info    0x0000037b       0x90 MainAlgorithm.o
 .debug_info    0x0000040b       0xdd Pressure_Sensor.o
 .debug_info    0x000004e8      0x189 startup.o

.debug_abbrev   0x00000000      0x3ea
 .debug_abbrev  0x00000000       0x42 AlarmActuator.o
 .debug_abbrev  0x00000042       0x91 AlarmMonitor.o
 .debug_abbrev  0x000000d3       0xc3 driver.o
 .debug_abbrev  0x00000196       0x7f main.o
 .debug_abbrev  0x00000215       0x86 MainAlgorithm.o
 .debug_abbrev  0x0000029b       0x79 Pressure_Sensor.o
 .debug_abbrev  0x00000314       0xd6 startup.o

.debug_loc      0x00000000      0x3a4
 .debug_loc     0x00000000       0x58 AlarmActuator.o
 .debug_loc     0x00000058       0x9c AlarmMonitor.o
 .debug_loc     0x000000f4      0x140 driver.o
 .debug_loc     0x00000234       0x2c main.o
 .debug_loc     0x00000260       0x70 MainAlgorithm.o
 .debug_loc     0x000002d0       0x58 Pressure_Sensor.o
 .debug_loc     0x00000328       0x7c startup.o

.debug_aranges  0x00000000       0xe0
 .debug_aranges
                0x00000000       0x20 AlarmActuator.o
 .debug_aranges
                0x00000020       0x20 AlarmMonitor.o
 .debug_aranges
                0x00000040       0x20 driver.o
 .debug_aranges
                0x00000060       0x20 main.o
 .debug_aranges
                0x00000080       0x20 MainAlgorithm.o
 .debug_aranges
                0x000000a0       0x20 Pressure_Sensor.o
 .debug_aranges
                0x000000c0       0x20 startup.o

.debug_line     0x00000000      0x3cc
 .debug_line    0x00000000       0x4e AlarmActuator.o
 .debug_line    0x0000004e       0x6e AlarmMonitor.o
 .debug_line    0x000000bc       0xfd driver.o
 .debug_line    0x000001b9       0x7b main.o
 .debug_line    0x00000234       0x70 MainAlgorithm.o
 .debug_line    0x000002a4       0x6f Pressure_Sensor.o
 .debug_line    0x00000313       0xb9 startup.o

.debug_str      0x00000000      0x303
 .debug_str     0x00000000      0x113 AlarmActuator.o
                                0x14c (size before relaxing)
 .debug_str     0x00000113       0x4a AlarmMonitor.o
                                0x16f (size before relaxing)
 .debug_str     0x0000015d       0x59 driver.o
                                0x187 (size before relaxing)
 .debug_str     0x000001b6       0x27 main.o
                                0x153 (size before relaxing)
 .debug_str     0x000001dd       0x37 MainAlgorithm.o
                                 0xdb (size before relaxing)
 .debug_str     0x00000214       0x28 Pressure_Sensor.o
                                0x161 (size before relaxing)
 .debug_str     0x0000023c       0xc7 startup.o
                                0x1a6 (size before relaxing)

.comment        0x00000000       0x49
 .comment       0x00000000       0x49 AlarmActuator.o
                                 0x4a (size before relaxing)
 .comment       0x00000049       0x4a AlarmMonitor.o
 .comment       0x00000049       0x4a driver.o
 .comment       0x00000049       0x4a main.o
 .comment       0x00000049       0x4a MainAlgorithm.o
 .comment       0x00000049       0x4a Pressure_Sensor.o
 .comment       0x00000049       0x4a startup.o

.ARM.attributes
                0x00000000       0x2d
 .ARM.attributes
                0x00000000       0x2d AlarmActuator.o
 .ARM.attributes
                0x0000002d       0x2d AlarmMonitor.o
 .ARM.attributes
                0x0000005a       0x2d driver.o
 .ARM.attributes
                0x00000087       0x2d main.o
 .ARM.attributes
                0x000000b4       0x2d MainAlgorithm.o
 .ARM.attributes
                0x000000e1       0x2d Pressure_Sensor.o
 .ARM.attributes
                0x0000010e       0x2d startup.o

.debug_frame    0x00000000      0x260
 .debug_frame   0x00000000       0x48 AlarmActuator.o
 .debug_frame   0x00000048       0x68 AlarmMonitor.o
 .debug_frame   0x000000b0       0xa0 driver.o
 .debug_frame   0x00000150       0x2c main.o
 .debug_frame   0x0000017c       0x4c MainAlgorithm.o
 .debug_frame   0x000001c8       0x48 Pressure_Sensor.o
 .debug_frame   0x00000210       0x50 startup.o
