STM32_F103C6_EXTI_Driver.c:24:6:Enable_NVIC	16	static
STM32_F103C6_EXTI_Driver.c:61:6:Disable_NVIC	16	static
STM32_F103C6_EXTI_Driver.c:106:6:Update_EXTI	24	static
STM32_F103C6_EXTI_Driver.c:187:6:MCAL_EXTI_GPIO_DeInit	4	static
STM32_F103C6_EXTI_Driver.c:218:6:MCAL_EXTI_GPIO_Init	16	static
STM32_F103C6_EXTI_Driver.c:234:6:MCAL_EXTI_GPIO_Update	16	static
STM32_F103C6_EXTI_Driver.c:243:6:EXTI0_IRQHandler	8	static
STM32_F103C6_EXTI_Driver.c:254:6:EXTI1_IRQHandler	8	static
STM32_F103C6_EXTI_Driver.c:265:6:EXTI2_IRQHandler	8	static
STM32_F103C6_EXTI_Driver.c:276:6:EXTI3_IRQHandler	8	static
STM32_F103C6_EXTI_Driver.c:287:6:EXTI4_IRQHandler	8	static
STM32_F103C6_EXTI_Driver.c:298:6:EXTI9_5_IRQHandler	8	static
STM32_F103C6_EXTI_Driver.c:308:6:EXTI15_10_IRQHandler	8	static
